// Jest Snapshot v1, https://goo.gl/fbAQLP

exports[`validation with empty options 1`] = `Array []`;

exports[`validation with empty options 2`] = `Array []`;

exports[`validation with unknown options: warnings 1`] = `Array []`;

exports[`validation without options 1`] = `Array []`;

exports[`validation without options 2`] = `Array []`;
